// Jest Snapshot v1, https://goo.gl/fbAQLP

exports[`LoanList page  should render banner text correctly with given props 1`] = `ShallowWrapper {}`;

exports[`LoanList page  should render child component  1`] = `ShallowWrapper {}`;

exports[`LoanList page  should render correctly with no props 1`] = `ShallowWrapper {}`;

exports[`LoanList page  should render correctly with no props 2`] = `
<div
  id="loanlist"
>
  <div
    className="container-fluid"
  >
    <br />
    <br />
    <br />
    <div
      className="MuiPaper-root MuiPaper-elevation1 alineaTable MuiPaper-rounded"
    >
      <table
        className="MuiTable-root"
        id="table"
      >
        <thead
          className="MuiTableHead-root"
        >
          <tr
            className="MuiTableRow-root MuiTableRow-head"
          >
            <th
              aria-sort={null}
              className="MuiTableCell-root MuiTableCell-head MuiTableCell-alignLeft"
              scope="col"
            >
              Loan
            </th>
            <th
              aria-sort={null}
              className="MuiTableCell-root MuiTableCell-head MuiTableCell-alignLeft"
              scope="col"
            >
              Borrower Name
            </th>
            <th
              aria-sort={null}
              className="MuiTableCell-root MuiTableCell-head MuiTableCell-alignLeft"
              scope="col"
            >
              Status
            </th>
            <th
              aria-sort={null}
              className="MuiTableCell-root MuiTableCell-head MuiTableCell-alignLeft"
              scope="col"
            >
              Subject Property
            </th>
            <th
              aria-sort={null}
              className="MuiTableCell-root MuiTableCell-head MuiTableCell-alignLeft"
              scope="col"
            >
              Property Type
            </th>
            <th
              aria-sort={null}
              className="MuiTableCell-root MuiTableCell-head MuiTableCell-alignLeft"
              scope="col"
            >
              Loan Amount
            </th>
            <th
              aria-sort={null}
              className="MuiTableCell-root MuiTableCell-head MuiTableCell-alignLeft"
              scope="col"
            >
              New $
            </th>
            <th
              aria-sort={null}
              className="MuiTableCell-root MuiTableCell-head MuiTableCell-alignLeft"
              scope="col"
            >
              Underwriting Conditions
            </th>
            <th
              aria-sort={null}
              className="MuiTableCell-root MuiTableCell-head MuiTableCell-alignLeft"
              scope="col"
            >
              Loan Officer
            </th>
            <th
              aria-sort={null}
              className="MuiTableCell-root MuiTableCell-head MuiTableCell-alignLeft"
              scope="col"
            >
              Lead Source
            </th>
            <th
              aria-sort={null}
              className="MuiTableCell-root MuiTableCell-head MuiTableCell-alignLeft"
              scope="col"
            >
              Interest Rate
            </th>
            <th
              aria-sort={null}
              className="MuiTableCell-root MuiTableCell-head MuiTableCell-alignLeft"
              scope="col"
            >
              Current Milestone
            </th>
            <th
              aria-sort={null}
              className="MuiTableCell-root MuiTableCell-head MuiTableCell-alignLeft"
              scope="col"
            >
              Date File Start
            </th>
            <th
              aria-sort={null}
              className="MuiTableCell-root MuiTableCell-head MuiTableCell-alignLeft"
              scope="col"
            >
              Processing action items
            </th>
            <th
              aria-sort={null}
              className="MuiTableCell-root MuiTableCell-head MuiTableCell-alignLeft"
              scope="col"
            >
              Tax request date
            </th>
            <th
              aria-sort={null}
              className="MuiTableCell-root MuiTableCell-head MuiTableCell-alignLeft"
              scope="col"
            >
              Closing Date
            </th>
            <th
              aria-sort={null}
              className="MuiTableCell-root MuiTableCell-head MuiTableCell-alignLeft"
              scope="col"
            >
              Lien Holder
            </th>
            <th
              aria-sort={null}
              className="MuiTableCell-root MuiTableCell-head MuiTableCell-alignLeft"
              scope="col"
            >
              Number of Lien holders
            </th>
            <th
              aria-sort={null}
              className="MuiTableCell-root MuiTableCell-head MuiTableCell-alignLeft"
              scope="col"
            >
              Phone number
            </th>
            <th
              aria-sort={null}
              className="MuiTableCell-root MuiTableCell-head MuiTableCell-alignLeft"
              scope="col"
            >
              Email
            </th>
            <th
              aria-sort={null}
              className="MuiTableCell-root MuiTableCell-head MuiTableCell-alignLeft"
              scope="col"
            >
              Transferee
            </th>
            <th
              aria-sort={null}
              className="MuiTableCell-root MuiTableCell-head MuiTableCell-alignLeft"
              scope="col"
            >
              Number of subject properties
            </th>
          </tr>
        </thead>
        <tbody
          className="MuiTableBody-root"
          id="tableBody"
        />
      </table>
    </div>
  </div>
</div>
`;
